D5 start 2026-10-01 15:19:16
15:21:29 REALreg-bike E2k500TC exit=0
15:21:32 REALreg-bike baseTC exit=0
15:21:37 REALreg-bike E10bFTC exit=0
15:24:05 REALreg-metro baseTC exit=0
15:24:26 REALreg-metro E10bFTC exit=0
15:24:47 REALreg-metro E2k500TC exit=0
15:34:11 SYN2g69-REG-sud6 E2k500TC exit=0
15:34:11 SYN2g69-REG-sud6 baseTC exit=0
15:36:34 SYN2g69-REG-sud6 E10bFTC exit=0
15:39:57 SYN2g69-REG-grad6 baseTC exit=0
15:40:54 SYN2g69-REG-inc6 baseTC exit=0
15:41:02 SYN2g69-REG-grad6 E10bFTC exit=0
15:42:56 SYN2g69-REG-inc6 E2k500TC exit=0
15:46:35 SYN2g69-REG-grad6 E2k500TC exit=0
15:55:32 SYN2g69-REG-inc6 E10bFTC exit=0
15:55:32 SYN2g69-REG-rec6 baseTC exit=0
15:57:07 SYN2g69-REG-rec6 E2k500TC exit=0
15:59:37 SYN2g69-REG-sud7 E2k500TC exit=0
16:00:33 SYN2g69-REG-sud7 baseTC exit=0
16:00:41 SYN2g69-REG-sud7 E10bFTC exit=0
16:04:25 SYN2g69-REG-grad7 baseTC exit=0
16:06:51 SYN2g69-REG-rec6 E10bFTC exit=0
16:11:34 SYN2g69-REG-inc7 baseTC exit=0
16:12:32 SYN2g69-REG-grad7 E2k500TC exit=0
16:14:47 SYN2g69-REG-grad7 E10bFTC exit=0
16:19:20 SYN2g69-REG-inc7 E2k500TC exit=0
16:20:09 SYN2g69-REG-rec7 baseTC exit=0
16:20:26 SYN2g69-REG-inc7 E10bFTC exit=0
16:23:40 SYN2g69-REG-rec7 E2k500TC exit=0
16:25:17 SYN2g69-REG-rec7 E10bFTC exit=0
16:34:56 SYN2g69-REG-sud8 baseTC exit=0
16:36:13 SYN2g69-REG-grad8 baseTC exit=0
16:36:50 SYN2g69-REG-sud8 E2k500TC exit=0
16:37:36 SYN2g69-REG-inc8 baseTC exit=0
16:39:06 SYN2g69-REG-grad8 E2k500TC exit=0
16:39:52 SYN2g69-REG-inc8 E2k500TC exit=0
16:39:58 SYN2g69-REG-grad8 E10bFTC exit=0
16:41:28 SYN2g69-REG-sud8 E10bFTC exit=0
16:50:47 SYN2g69-REG-inc8 E10bFTC exit=0
16:52:18 SYN2g69-REG-rec8 baseTC exit=0
16:53:01 SYN2g69-REG-rec8 E10bFTC exit=0
16:53:53 SYN2g69-REG-sud9 baseTC exit=0
16:54:39 SYN2g69-REG-rec8 E2k500TC exit=0
16:56:17 SYN2g69-REG-sud9 E10bFTC exit=0
16:56:21 SYN2g69-REG-sud9 E2k500TC exit=0
16:58:28 SYN2g69-REG-grad9 baseTC exit=0
17:05:54 SYN2g69-REG-grad9 E2k500TC exit=0
17:07:04 SYN2g69-REG-inc9 baseTC exit=0
17:07:46 SYN2g69-REG-inc9 E2k500TC exit=0
17:07:52 SYN2g69-REG-grad9 E10bFTC exit=0
17:08:28 SYN2g69-REG-inc9 E10bFTC exit=0
17:08:50 SYN2g69-REG-rec9 baseTC exit=0
17:10:15 SYN2g69-REG-rec9 E2k500TC exit=0
17:13:08 SYN2g69-REG-rec9 E10bFTC exit=0
D5 end 2026-10-01 17:13:08
