E13 start 2026-10-01 02:19:43
02:57:43 INJcov01-cpA E1T exit=0
02:59:19 INJcov01-lsA E1T exit=0
03:02:10 INJcov01-cpA baseT exit=0
03:03:22 INJcov01-cpG E1T exit=0
03:12:31 INJcov01-lsA baseT exit=0
03:13:50 INJcov01-cpA E10bT exit=0
03:20:29 INJcov01-cpG E10bT exit=0
03:22:47 INJcov01-cpG baseT exit=0
03:28:26 INJcov01-lsA E10bT exit=0
03:30:04 INJcov01-lsG E1T exit=0
03:35:39 INJcov01-lsG E10bT exit=0
03:43:42 INJcov01-fpA E1T exit=0
03:44:40 INJcov01-lsG baseT exit=0
03:45:46 INJcov01-fpA E10bT exit=0
03:53:07 INJcov01-fpA baseT exit=0
04:02:24 INJcov01-fpG E1T exit=0
04:08:09 INJcov01-ffA baseT exit=0
04:09:46 INJcov01-ffA E1T exit=0
04:10:06 INJcov01-fpG E10bT exit=0
04:10:47 INJcov01-fpG baseT exit=0
04:12:47 INJcov01-ffA E10bT exit=0
04:17:00 INJcov01-ffG E1T exit=0
04:17:13 INJelec35-cpA E1T exit=0
04:20:03 INJelec35-cpA baseT exit=0
04:20:16 INJelec35-cpA E10bT exit=0
04:20:40 INJelec35-cpG E1T exit=0
04:24:19 INJelec35-cpG baseT exit=0
04:27:12 INJcov01-ffG E10bT exit=0
04:27:34 INJcov01-ffG baseT exit=0
04:27:46 INJelec35-cpG E10bT exit=0
04:29:45 INJelec35-lsA E1T exit=0
04:30:48 INJelec35-lsA baseT exit=0
04:31:23 INJelec35-lsA E10bT exit=0
04:34:58 INJelec35-lsG baseT exit=0
04:35:16 INJelec35-lsG E1T exit=0
04:38:37 INJelec35-fpA E1T exit=0
04:40:32 INJelec35-fpG E1T exit=0
04:40:54 INJelec35-lsG E10bT exit=0
04:42:21 INJelec35-fpA baseT exit=0
04:42:49 INJelec35-fpA E10bT exit=0
04:44:35 INJelec35-ffA baseT exit=0
04:45:44 INJelec35-ffA E1T exit=0
04:45:46 INJelec35-fpG baseT exit=0
04:45:47 INJelec35-fpG E10bT exit=0
04:48:29 INJelec35-ffA E10bT exit=0
04:49:58 INJelec35-ffG E1T exit=0
04:51:01 INJelec35-ffG E10bT exit=0
04:52:49 INJelec35-ffG baseT exit=0
05:02:22 SYN2g67-MC-sud6 baseT exit=0
05:03:53 SYN2g67-MC-sud6 E1T exit=0
05:04:03 SYN2g67-MC-grad6 baseT exit=0
05:05:13 SYN2g67-MC-sud6 E10bT exit=0
05:07:35 SYN2g67-MC-grad6 E1T exit=0
05:09:09 SYN2g67-MC-inc6 baseT exit=0
05:11:12 SYN2g67-MC-grad6 E10bT exit=0
05:12:10 SYN2g67-MC-inc6 E1T exit=0
05:21:09 SYN2g67-MC-inc6 E10bT exit=0
05:21:36 SYN2g67-MC-rec6 baseT exit=0
05:21:53 SYN2g67-MC-rec6 E1T exit=0
05:23:42 SYN2g67-MC-rec6 E10bT exit=0
05:25:23 SYN2g67-MC-sud7 baseT exit=0
05:26:43 SYN2g67-MC-sud7 E1T exit=0
05:29:28 SYN2g67-MC-sud7 E10bT exit=0
05:30:15 SYN2g67-MC-grad7 baseT exit=0
05:39:20 SYN2g67-MC-grad7 E1T exit=0
05:40:05 SYN2g67-MC-inc7 baseT exit=0
05:40:28 SYN2g67-MC-grad7 E10bT exit=0
05:42:23 SYN2g67-MC-inc7 E1T exit=0
05:44:07 SYN2g67-MC-rec7 baseT exit=0
05:45:58 SYN2g67-MC-inc7 E10bT exit=0
05:47:21 SYN2g67-MC-rec7 E1T exit=0
05:48:07 SYN2g67-B-sud6 baseT exit=0
05:48:46 SYN2g67-B-sud6 E1T exit=0
05:49:43 SYN2g67-B-sud6 E10bT exit=0
05:49:51 SYN2g67-MC-rec7 E10bT exit=0
05:51:20 SYN2g67-B-grad6 baseT exit=0
05:52:41 SYN2g67-B-grad6 E1T exit=0
05:55:23 SYN2g67-B-grad6 E10bT exit=0
05:57:01 SYN2g67-B-inc6 baseT exit=0
05:57:08 SYN2g67-B-inc6 E1T exit=0
05:59:04 SYN2g67-B-inc6 E10bT exit=0
05:59:37 SYN2g67-B-rec6 E1T exit=0
05:59:38 SYN2g67-B-rec6 baseT exit=0
06:01:26 SYN2g67-B-sud7 baseT exit=0
06:01:57 SYN2g67-B-rec6 E10bT exit=0
06:04:22 SYN2g67-B-sud7 E1T exit=0
06:05:19 SYN2g67-B-grad7 baseT exit=0
06:06:26 SYN2g67-B-sud7 E10bT exit=0
06:07:27 SYN2g67-B-grad7 E1T exit=0
06:09:17 SYN2g67-B-inc7 baseT exit=0
06:09:18 SYN2g67-B-grad7 E10bT exit=0
06:09:49 SYN2g67-B-inc7 E1T exit=0
06:11:47 SYN2g67-B-inc7 E10bT exit=0
06:12:05 SYN2g67-B-rec7 E1T exit=0
06:13:42 SYN2g67-B-rec7 E10bT exit=0
06:13:43 SYN2g67-B-rec7 baseT exit=0
06:15:18 SYN2g69-REG-sud6 baseT exit=0
06:16:42 SYN2g69-REG-sud6 E1T exit=0
06:16:56 SYN2g69-REG-sud6 E2k500T exit=0
06:17:30 SYN2g69-REG-sud6 E10bT exit=0
06:19:30 SYN2g69-REG-sud6 E10bFT exit=0
06:21:29 SYN2g69-REG-grad6 baseT exit=0
06:21:38 SYN2g69-REG-grad6 E1T exit=0
06:23:46 SYN2g69-REG-grad6 E10bT exit=0
06:25:09 SYN2g69-REG-grad6 E10bFT exit=0
06:25:26 SYN2g69-REG-inc6 baseT exit=0
06:26:11 SYN2g69-REG-grad6 E2k500T exit=0
06:28:33 SYN2g69-REG-inc6 E2k500T exit=0
06:28:39 SYN2g69-REG-inc6 E1T exit=0
06:31:12 SYN2g69-REG-inc6 E10bFT exit=0
06:32:13 SYN2g69-REG-inc6 E10bT exit=0
06:32:59 SYN2g69-REG-rec6 baseT exit=0
06:35:04 SYN2g69-REG-rec6 E1T exit=0
06:35:20 SYN2g69-REG-rec6 E2k500T exit=0
06:36:14 SYN2g69-REG-rec6 E10bT exit=0
06:38:27 SYN2g69-REG-sud7 baseT exit=0
06:38:37 SYN2g69-REG-sud7 E1T exit=0
06:40:55 SYN2g69-REG-sud7 E2k500T exit=0
06:42:15 SYN2g69-REG-rec6 E10bFT exit=0
06:42:41 SYN2g69-REG-sud7 E10bT exit=0
06:44:06 SYN2g69-REG-sud7 E10bFT exit=0
06:44:23 SYN2g69-REG-grad7 baseT exit=0
06:45:21 SYN2g69-REG-grad7 E1T exit=0
06:47:09 SYN2g69-REG-grad7 E2k500T exit=0
06:47:17 SYN2g69-REG-grad7 E10bT exit=0
06:49:05 SYN2g69-REG-inc7 E1T exit=0
06:49:42 SYN2g69-REG-grad7 E10bFT exit=0
06:49:48 SYN2g69-REG-inc7 baseT exit=0
06:53:52 SYN2g69-REG-inc7 E2k500T exit=0
06:54:13 SYN2g69-REG-inc7 E10bT exit=0
06:55:11 SYN2g69-REG-inc7 E10bFT exit=0
06:55:31 SYN2g69-REG-rec7 E1T exit=0
06:56:50 SYN2g69-REG-rec7 baseT exit=0
06:58:12 SYN2g69-REG-rec7 E2k500T exit=0
06:58:29 SYN2g69-REG-rec7 E10bT exit=0
06:58:52 SYN2g69-REG-rec7 E10bFT exit=0
07:06:20 SYN2g69-REG-sud8 E1T exit=0
07:06:28 SYN2g69-REG-grad8 E1T exit=0
07:06:35 SYN2g69-REG-sud8 baseT exit=0
07:07:05 SYN2g69-REG-grad8 baseT exit=0
07:07:58 SYN2g69-REG-sud8 E2k500T exit=0
07:08:17 SYN2g69-REG-sud8 E10bT exit=0
07:09:31 SYN2g69-REG-grad8 E2k500T exit=0
07:11:27 SYN2g69-REG-sud8 E10bFT exit=0
07:14:22 SYN2g69-REG-inc8 baseT exit=0
07:15:58 SYN2g69-REG-inc8 E1T exit=0
07:16:00 SYN2g69-REG-inc8 E2k500T exit=0
07:16:13 SYN2g69-REG-inc8 E10bT exit=0
07:17:01 SYN2g69-REG-grad8 E10bT exit=0
07:17:18 SYN2g69-REG-grad8 E10bFT exit=0
07:18:05 SYN2g69-REG-inc8 E10bFT exit=0
07:20:06 SYN2g69-REG-rec8 baseT exit=0
07:23:17 SYN2g69-REG-rec8 E1T exit=0
07:24:23 SYN2g69-REG-rec8 E10bFT exit=0
07:24:34 SYN2g69-REG-sud9 E1T exit=0
07:24:37 SYN2g69-REG-rec8 E10bT exit=0
07:25:01 SYN2g69-REG-sud9 baseT exit=0
07:25:20 SYN2g69-REG-rec8 E2k500T exit=0
07:26:51 SYN2g69-REG-sud9 E2k500T exit=0
07:29:30 SYN2g69-REG-sud9 E10bT exit=0
07:32:09 SYN2g69-REG-sud9 E10bFT exit=0
07:32:57 SYN2g69-REG-grad9 baseT exit=0
07:33:00 SYN2g69-REG-grad9 E1T exit=0
07:33:17 SYN2g69-REG-grad9 E2k500T exit=0
07:33:57 SYN2g69-REG-grad9 E10bT exit=0
07:34:26 SYN2g69-REG-grad9 E10bFT exit=0
07:35:03 SYN2g69-REG-inc9 baseT exit=0
07:36:56 SYN2g69-REG-inc9 E1T exit=0
07:40:14 SYN2g69-REG-inc9 E2k500T exit=0
07:40:51 SYN2g69-REG-rec9 baseT exit=0
07:41:12 SYN2g69-REG-inc9 E10bFT exit=0
07:41:23 SYN2g69-REG-rec9 E1T exit=0
07:41:39 SYN2g69-REG-inc9 E10bT exit=0
07:42:38 SYN2g69-REG-rec9 E2k500T exit=0
07:43:16 SYN2g69-REG-rec9 E10bT exit=0
07:44:11 SYN2g69-REG-rec9 E10bFT exit=0
E13 end 2026-10-01 07:44:11
