E14 start 2026-10-01 11:32:27
11:52:25 INJelec69-cpG E10bFT exit=0
11:53:49 INJelec69-lsG E10bFT exit=0
11:53:51 INJelec69-cpA E10bFT exit=0
11:54:46 INJelec69-lsA E10bFT exit=0
11:56:05 INJelec69-lsA baseT exit=0
11:56:13 INJelec69-cpA baseT exit=0
11:59:41 INJelec69-lsG baseT exit=0
11:59:41 INJelec69-cpG baseT exit=0
12:16:18 INJelec69-ffA E10bFT exit=0
12:16:54 INJelec69-fpA E10bFT exit=0
12:17:07 INJelec69-ffG E10bFT exit=0
12:17:29 INJelec69-ffA baseT exit=0
12:17:38 INJelec69-fpA baseT exit=0
12:18:53 INJelec69-fpG E10bFT exit=0
12:20:03 INJelec69-fpG baseT exit=0
12:20:37 INJelec69-ffG baseT exit=0
12:34:14 SYN2g89-MC-sud8 baseT exit=0
12:36:14 SYN2g89-MC-inc8 baseT exit=0
12:36:45 SYN2g89-MC-grad8 baseT exit=0
12:37:10 SYN2g89-MC-sud8 E10bFT exit=0
12:38:21 SYN2g89-MC-rec8 baseT exit=0
12:38:27 SYN2g89-MC-grad8 E10bFT exit=0
12:39:07 SYN2g89-MC-inc8 E10bFT exit=0
12:40:22 SYN2g89-MC-rec8 E10bFT exit=0
12:51:08 SYN2g89-MC-sud9 baseT exit=0
12:55:49 SYN2g89-MC-sud9 E10bFT exit=0
12:55:53 SYN2g89-MC-grad9 baseT exit=0
12:57:22 SYN2g89-MC-rec9 baseT exit=0
12:58:18 SYN2g89-MC-inc9 E10bFT exit=0
12:58:29 SYN2g89-MC-grad9 E10bFT exit=0
12:58:58 SYN2g89-MC-inc9 baseT exit=0
13:00:03 SYN2g89-MC-rec9 E10bFT exit=0
13:00:29 SYN2g89-B-sud8 baseT exit=0
13:04:53 SYN2g89-B-grad8 baseT exit=0
13:05:21 SYN2g89-B-sud8 E10bFT exit=0
13:07:47 SYN2g89-B-grad8 E10bFT exit=0
13:08:58 SYN2g89-B-inc8 baseT exit=0
13:09:09 SYN2g89-B-rec8 baseT exit=0
13:09:54 SYN2g89-B-inc8 E10bFT exit=0
13:10:51 SYN2g89-B-sud9 baseT exit=0
13:10:55 SYN2g89-B-rec8 E10bFT exit=0
13:15:36 SYN2g89-B-grad9 baseT exit=0
13:16:10 SYN2g89-B-sud9 E10bFT exit=0
13:18:18 SYN2g89-B-grad9 E10bFT exit=0
13:19:29 SYN2g89-B-rec9 baseT exit=0
13:19:38 SYN2g89-B-inc9 baseT exit=0
13:20:13 SYN2g89-B-inc9 E10bFT exit=0
13:20:43 SYN2g89-B-rec9 E10bFT exit=0
E14 end 2026-10-01 13:20:43
