
[dual_adwin] Calibrating on 5 streams...
  [calibrate] dual_adwin | recurring_sud_sea100k_g00.csv | param=0.001 | N_warn=6 N_actual=10 count_score=0.600
  [calibrate] dual_adwin | recurring_sud_sea100k_g00.csv | param=0.005 | N_warn=10 N_actual=10 count_score=1.000
  [calibrate] dual_adwin | recurring_sud_sea100k_g00.csv | param=0.01 | N_warn=11 N_actual=10 count_score=0.900
  [calibrate] dual_adwin | recurring_sud_sea100k_g00.csv | param=0.02 | N_warn=11 N_actual=10 count_score=0.900
  [calibrate] dual_adwin | recurring_sud_sea100k_g00.csv | param=0.05 | N_warn=14 N_actual=10 count_score=0.600
  [calibrate] dual_adwin | recurring_sud_sea100k_g00.csv | param=0.1 | N_warn=13 N_actual=10 count_score=0.700
  [calibrate] dual_adwin | recurring_sud_sea100k_g00.csv | param=0.2 | N_warn=15 N_actual=10 count_score=0.500
  [calibrate] dual_adwin | recurring_sud_sea100k_g00.csv | param=0.3 | N_warn=16 N_actual=10 count_score=0.400
  recurring_sud_sea100k_g00.csv: best_param=0.005  count_score=1.000
  [calibrate] dual_adwin | recurring_sud_sea100k_g01.csv | param=0.001 | N_warn=11 N_actual=8 count_score=0.625
  [calibrate] dual_adwin | recurring_sud_sea100k_g01.csv | param=0.005 | N_warn=12 N_actual=8 count_score=0.500
  [calibrate] dual_adwin | recurring_sud_sea100k_g01.csv | param=0.01 | N_warn=14 N_actual=8 count_score=0.250
  [calibrate] dual_adwin | recurring_sud_sea100k_g01.csv | param=0.02 | N_warn=15 N_actual=8 count_score=0.125
  [calibrate] dual_adwin | recurring_sud_sea100k_g01.csv | param=0.05 | N_warn=14 N_actual=8 count_score=0.250
  [calibrate] dual_adwin | recurring_sud_sea100k_g01.csv | param=0.1 | N_warn=18 N_actual=8 count_score=0.000
  [calibrate] dual_adwin | recurring_sud_sea100k_g01.csv | param=0.2 | N_warn=19 N_actual=8 count_score=0.000
  [calibrate] dual_adwin | recurring_sud_sea100k_g01.csv | param=0.3 | N_warn=19 N_actual=8 count_score=0.000
  recurring_sud_sea100k_g01.csv: best_param=0.001  count_score=0.625
  [calibrate] dual_adwin | recurring_sud_sea100k_g02.csv | param=0.001 | N_warn=10 N_actual=8 count_score=0.750
  [calibrate] dual_adwin | recurring_sud_sea100k_g02.csv | param=0.005 | N_warn=9 N_actual=8 count_score=0.875
  [calibrate] dual_adwin | recurring_sud_sea100k_g02.csv | param=0.01 | N_warn=11 N_actual=8 count_score=0.625
  [calibrate] dual_adwin | recurring_sud_sea100k_g02.csv | param=0.02 | N_warn=11 N_actual=8 count_score=0.625
  [calibrate] dual_adwin | recurring_sud_sea100k_g02.csv | param=0.05 | N_warn=13 N_actual=8 count_score=0.375
  [calibrate] dual_adwin | recurring_sud_sea100k_g02.csv | param=0.1 | N_warn=13 N_actual=8 count_score=0.375
  [calibrate] dual_adwin | recurring_sud_sea100k_g02.csv | param=0.2 | N_warn=15 N_actual=8 count_score=0.125
  [calibrate] dual_adwin | recurring_sud_sea100k_g02.csv | param=0.3 | N_warn=17 N_actual=8 count_score=0.000
  recurring_sud_sea100k_g02.csv: best_param=0.005  count_score=0.875
  [calibrate] dual_adwin | recurring_sud_sea100k_g03.csv | param=0.001 | N_warn=15 N_actual=12 count_score=0.750
  [calibrate] dual_adwin | recurring_sud_sea100k_g03.csv | param=0.005 | N_warn=16 N_actual=12 count_score=0.667
  [calibrate] dual_adwin | recurring_sud_sea100k_g03.csv | param=0.01 | N_warn=17 N_actual=12 count_score=0.583
  [calibrate] dual_adwin | recurring_sud_sea100k_g03.csv | param=0.02 | N_warn=18 N_actual=12 count_score=0.500
  [calibrate] dual_adwin | recurring_sud_sea100k_g03.csv | param=0.05 | N_warn=18 N_actual=12 count_score=0.500
  [calibrate] dual_adwin | recurring_sud_sea100k_g03.csv | param=0.1 | N_warn=19 N_actual=12 count_score=0.417
  [calibrate] dual_adwin | recurring_sud_sea100k_g03.csv | param=0.2 | N_warn=20 N_actual=12 count_score=0.333
  [calibrate] dual_adwin | recurring_sud_sea100k_g03.csv | param=0.3 | N_warn=24 N_actual=12 count_score=0.000
  recurring_sud_sea100k_g03.csv: best_param=0.001  count_score=0.750
  [calibrate] dual_adwin | recurring_sud_sea100k_g04.csv | param=0.001 | N_warn=9 N_actual=6 count_score=0.500
  [calibrate] dual_adwin | recurring_sud_sea100k_g04.csv | param=0.005 | N_warn=10 N_actual=6 count_score=0.333
  [calibrate] dual_adwin | recurring_sud_sea100k_g04.csv | param=0.01 | N_warn=10 N_actual=6 count_score=0.333
  [calibrate] dual_adwin | recurring_sud_sea100k_g04.csv | param=0.02 | N_warn=9 N_actual=6 count_score=0.500
  [calibrate] dual_adwin | recurring_sud_sea100k_g04.csv | param=0.05 | N_warn=11 N_actual=6 count_score=0.167
  [calibrate] dual_adwin | recurring_sud_sea100k_g04.csv | param=0.1 | N_warn=12 N_actual=6 count_score=0.000
  [calibrate] dual_adwin | recurring_sud_sea100k_g04.csv | param=0.2 | N_warn=9 N_actual=6 count_score=0.500
  [calibrate] dual_adwin | recurring_sud_sea100k_g04.csv | param=0.3 | N_warn=16 N_actual=6 count_score=0.000
  recurring_sud_sea100k_g04.csv: best_param=0.001  count_score=0.500
  → calibrated detector_delta = 0.001
[dual_adwin] Evaluating on 5 streams at detector_delta=0.001...
  [eval] dual_adwin | recurring_sud_sea100k_g05.csv | param=0.001 | N_warn=12 N_actual=8 count_score=0.500 avg_delay=100 CD%=50.0
  [eval] dual_adwin | recurring_sud_sea100k_g06.csv | param=0.001 | N_warn=13 N_actual=8 count_score=0.375 avg_delay=117 CD%=50.0
  [eval] dual_adwin | recurring_sud_sea100k_g07.csv | param=0.001 | N_warn=6 N_actual=8 count_score=0.750 avg_delay=541 CD%=50.0
  [eval] dual_adwin | recurring_sud_sea100k_g08.csv | param=0.001 | N_warn=11 N_actual=6 count_score=0.167 avg_delay=566 CD%=0.0
  [eval] dual_adwin | recurring_sud_sea100k_g09.csv | param=0.001 | N_warn=13 N_actual=8 count_score=0.375 avg_delay=129 CD%=50.0

[meta_ecpf_hcdt] Calibrating on 5 streams...
  [calibrate] meta_ecpf_hcdt | recurring_sud_sea100k_g00.csv | param=0.001 | N_warn=36 N_actual=10 count_score=0.000
  [calibrate] meta_ecpf_hcdt | recurring_sud_sea100k_g00.csv | param=0.003 | N_warn=10 N_actual=10 count_score=1.000
  [calibrate] meta_ecpf_hcdt | recurring_sud_sea100k_g00.csv | param=0.005 | N_warn=9 N_actual=10 count_score=0.900
  [calibrate] meta_ecpf_hcdt | recurring_sud_sea100k_g00.csv | param=0.01 | N_warn=0 N_actual=10 count_score=0.000
  [calibrate] meta_ecpf_hcdt | recurring_sud_sea100k_g00.csv | param=0.02 | N_warn=0 N_actual=10 count_score=0.000
  [calibrate] meta_ecpf_hcdt | recurring_sud_sea100k_g00.csv | param=0.05 | N_warn=40 N_actual=10 count_score=0.000
  [calibrate] meta_ecpf_hcdt | recurring_sud_sea100k_g00.csv | param=0.1 | N_warn=95 N_actual=10 count_score=0.000
  recurring_sud_sea100k_g00.csv: best_param=0.003  count_score=1.000
  [calibrate] meta_ecpf_hcdt | recurring_sud_sea100k_g01.csv | param=0.001 | N_warn=12 N_actual=8 count_score=0.500
  [calibrate] meta_ecpf_hcdt | recurring_sud_sea100k_g01.csv | param=0.003 | N_warn=18 N_actual=8 count_score=0.000
  [calibrate] meta_ecpf_hcdt | recurring_sud_sea100k_g01.csv | param=0.005 | N_warn=4 N_actual=8 count_score=0.500
  [calibrate] meta_ecpf_hcdt | recurring_sud_sea100k_g01.csv | param=0.01 | N_warn=0 N_actual=8 count_score=0.000
  [calibrate] meta_ecpf_hcdt | recurring_sud_sea100k_g01.csv | param=0.02 | N_warn=0 N_actual=8 count_score=0.000
  [calibrate] meta_ecpf_hcdt | recurring_sud_sea100k_g01.csv | param=0.05 | N_warn=23 N_actual=8 count_score=0.000
  [calibrate] meta_ecpf_hcdt | recurring_sud_sea100k_g01.csv | param=0.1 | N_warn=130 N_actual=8 count_score=0.000
  recurring_sud_sea100k_g01.csv: best_param=0.001  count_score=0.500
  [calibrate] meta_ecpf_hcdt | recurring_sud_sea100k_g02.csv | param=0.001 | N_warn=33 N_actual=8 count_score=0.000
  [calibrate] meta_ecpf_hcdt | recurring_sud_sea100k_g02.csv | param=0.003 | N_warn=26 N_actual=8 count_score=0.000
  [calibrate] meta_ecpf_hcdt | recurring_sud_sea100k_g02.csv | param=0.005 | N_warn=5 N_actual=8 count_score=0.625
  [calibrate] meta_ecpf_hcdt | recurring_sud_sea100k_g02.csv | param=0.01 | N_warn=0 N_actual=8 count_score=0.000
  [calibrate] meta_ecpf_hcdt | recurring_sud_sea100k_g02.csv | param=0.02 | N_warn=0 N_actual=8 count_score=0.000
  [calibrate] meta_ecpf_hcdt | recurring_sud_sea100k_g02.csv | param=0.05 | N_warn=36 N_actual=8 count_score=0.000
  [calibrate] meta_ecpf_hcdt | recurring_sud_sea100k_g02.csv | param=0.1 | N_warn=101 N_actual=8 count_score=0.000
  recurring_sud_sea100k_g02.csv: best_param=0.005  count_score=0.625
  [calibrate] meta_ecpf_hcdt | recurring_sud_sea100k_g03.csv | param=0.001 | N_warn=25 N_actual=12 count_score=0.000
  [calibrate] meta_ecpf_hcdt | recurring_sud_sea100k_g03.csv | param=0.003 | N_warn=25 N_actual=12 count_score=0.000
  [calibrate] meta_ecpf_hcdt | recurring_sud_sea100k_g03.csv | param=0.005 | N_warn=5 N_actual=12 count_score=0.417
  [calibrate] meta_ecpf_hcdt | recurring_sud_sea100k_g03.csv | param=0.01 | N_warn=0 N_actual=12 count_score=0.000
  [calibrate] meta_ecpf_hcdt | recurring_sud_sea100k_g03.csv | param=0.02 | N_warn=0 N_actual=12 count_score=0.000
  [calibrate] meta_ecpf_hcdt | recurring_sud_sea100k_g03.csv | param=0.05 | N_warn=42 N_actual=12 count_score=0.000
  [calibrate] meta_ecpf_hcdt | recurring_sud_sea100k_g03.csv | param=0.1 | N_warn=96 N_actual=12 count_score=0.000
  recurring_sud_sea100k_g03.csv: best_param=0.005  count_score=0.417
  [calibrate] meta_ecpf_hcdt | recurring_sud_sea100k_g04.csv | param=0.001 | N_warn=13 N_actual=6 count_score=0.000
  [calibrate] meta_ecpf_hcdt | recurring_sud_sea100k_g04.csv | param=0.003 | N_warn=12 N_actual=6 count_score=0.000
  [calibrate] meta_ecpf_hcdt | recurring_sud_sea100k_g04.csv | param=0.005 | N_warn=7 N_actual=6 count_score=0.833
  [calibrate] meta_ecpf_hcdt | recurring_sud_sea100k_g04.csv | param=0.01 | N_warn=0 N_actual=6 count_score=0.000
  [calibrate] meta_ecpf_hcdt | recurring_sud_sea100k_g04.csv | param=0.02 | N_warn=0 N_actual=6 count_score=0.000
  [calibrate] meta_ecpf_hcdt | recurring_sud_sea100k_g04.csv | param=0.05 | N_warn=19 N_actual=6 count_score=0.000
  [calibrate] meta_ecpf_hcdt | recurring_sud_sea100k_g04.csv | param=0.1 | N_warn=105 N_actual=6 count_score=0.000
  recurring_sud_sea100k_g04.csv: best_param=0.005  count_score=0.833
  → calibrated ecpf_hcdt_detection_delta = 0.005
[meta_ecpf_hcdt] Evaluating on 5 streams at ecpf_hcdt_detection_delta=0.005...
  [eval] meta_ecpf_hcdt | recurring_sud_sea100k_g05.csv | param=0.005 | N_warn=9 N_actual=8 count_score=0.875 avg_delay=44 CD%=87.5
  [eval] meta_ecpf_hcdt | recurring_sud_sea100k_g06.csv | param=0.005 | N_warn=11 N_actual=8 count_score=0.625 avg_delay=54 CD%=75.0
  [eval] meta_ecpf_hcdt | recurring_sud_sea100k_g07.csv | param=0.005 | N_warn=9 N_actual=8 count_score=0.875 avg_delay=443 CD%=0.0
  [eval] meta_ecpf_hcdt | recurring_sud_sea100k_g08.csv | param=0.005 | N_warn=1 N_actual=6 count_score=0.167 avg_delay=n/a CD%=0.0
  [eval] meta_ecpf_hcdt | recurring_sud_sea100k_g09.csv | param=0.005 | N_warn=13 N_actual=8 count_score=0.375 avg_delay=60 CD%=50.0

[meta_ecpf_gddm] Calibrating on 5 streams...
  [calibrate] meta_ecpf_gddm | recurring_sud_sea100k_g00.csv | param=0.01 | N_warn=0 N_actual=10 count_score=0.000
  [calibrate] meta_ecpf_gddm | recurring_sud_sea100k_g00.csv | param=0.05 | N_warn=0 N_actual=10 count_score=0.000
  [calibrate] meta_ecpf_gddm | recurring_sud_sea100k_g00.csv | param=0.1 | N_warn=0 N_actual=10 count_score=0.000
  [calibrate] meta_ecpf_gddm | recurring_sud_sea100k_g00.csv | param=0.15 | N_warn=0 N_actual=10 count_score=0.000
  [calibrate] meta_ecpf_gddm | recurring_sud_sea100k_g00.csv | param=0.2 | N_warn=0 N_actual=10 count_score=0.000
  [calibrate] meta_ecpf_gddm | recurring_sud_sea100k_g00.csv | param=0.3 | N_warn=0 N_actual=10 count_score=0.000
  [calibrate] meta_ecpf_gddm | recurring_sud_sea100k_g00.csv | param=0.5 | N_warn=0 N_actual=10 count_score=0.000
  recurring_sud_sea100k_g00.csv: best_param=0.01  count_score=0.000
  [calibrate] meta_ecpf_gddm | recurring_sud_sea100k_g01.csv | param=0.01 | N_warn=0 N_actual=8 count_score=0.000
  [calibrate] meta_ecpf_gddm | recurring_sud_sea100k_g01.csv | param=0.05 | N_warn=0 N_actual=8 count_score=0.000
  [calibrate] meta_ecpf_gddm | recurring_sud_sea100k_g01.csv | param=0.1 | N_warn=0 N_actual=8 count_score=0.000
  [calibrate] meta_ecpf_gddm | recurring_sud_sea100k_g01.csv | param=0.15 | N_warn=0 N_actual=8 count_score=0.000
  [calibrate] meta_ecpf_gddm | recurring_sud_sea100k_g01.csv | param=0.2 | N_warn=0 N_actual=8 count_score=0.000
  [calibrate] meta_ecpf_gddm | recurring_sud_sea100k_g01.csv | param=0.3 | N_warn=0 N_actual=8 count_score=0.000
  [calibrate] meta_ecpf_gddm | recurring_sud_sea100k_g01.csv | param=0.5 | N_warn=0 N_actual=8 count_score=0.000
  recurring_sud_sea100k_g01.csv: best_param=0.01  count_score=0.000
  [calibrate] meta_ecpf_gddm | recurring_sud_sea100k_g02.csv | param=0.01 | N_warn=0 N_actual=8 count_score=0.000
  [calibrate] meta_ecpf_gddm | recurring_sud_sea100k_g02.csv | param=0.05 | N_warn=0 N_actual=8 count_score=0.000
  [calibrate] meta_ecpf_gddm | recurring_sud_sea100k_g02.csv | param=0.1 | N_warn=0 N_actual=8 count_score=0.000
  [calibrate] meta_ecpf_gddm | recurring_sud_sea100k_g02.csv | param=0.15 | N_warn=0 N_actual=8 count_score=0.000
  [calibrate] meta_ecpf_gddm | recurring_sud_sea100k_g02.csv | param=0.2 | N_warn=0 N_actual=8 count_score=0.000
  [calibrate] meta_ecpf_gddm | recurring_sud_sea100k_g02.csv | param=0.3 | N_warn=0 N_actual=8 count_score=0.000
  [calibrate] meta_ecpf_gddm | recurring_sud_sea100k_g02.csv | param=0.5 | N_warn=0 N_actual=8 count_score=0.000
  recurring_sud_sea100k_g02.csv: best_param=0.01  count_score=0.000
  [calibrate] meta_ecpf_gddm | recurring_sud_sea100k_g03.csv | param=0.01 | N_warn=0 N_actual=12 count_score=0.000
  [calibrate] meta_ecpf_gddm | recurring_sud_sea100k_g03.csv | param=0.05 | N_warn=0 N_actual=12 count_score=0.000
  [calibrate] meta_ecpf_gddm | recurring_sud_sea100k_g03.csv | param=0.1 | N_warn=0 N_actual=12 count_score=0.000
  [calibrate] meta_ecpf_gddm | recurring_sud_sea100k_g03.csv | param=0.15 | N_warn=0 N_actual=12 count_score=0.000
  [calibrate] meta_ecpf_gddm | recurring_sud_sea100k_g03.csv | param=0.2 | N_warn=0 N_actual=12 count_score=0.000
  [calibrate] meta_ecpf_gddm | recurring_sud_sea100k_g03.csv | param=0.3 | N_warn=0 N_actual=12 count_score=0.000
  [calibrate] meta_ecpf_gddm | recurring_sud_sea100k_g03.csv | param=0.5 | N_warn=0 N_actual=12 count_score=0.000
  recurring_sud_sea100k_g03.csv: best_param=0.01  count_score=0.000
  [calibrate] meta_ecpf_gddm | recurring_sud_sea100k_g04.csv | param=0.01 | N_warn=0 N_actual=6 count_score=0.000
  [calibrate] meta_ecpf_gddm | recurring_sud_sea100k_g04.csv | param=0.05 | N_warn=0 N_actual=6 count_score=0.000
  [calibrate] meta_ecpf_gddm | recurring_sud_sea100k_g04.csv | param=0.1 | N_warn=0 N_actual=6 count_score=0.000
  [calibrate] meta_ecpf_gddm | recurring_sud_sea100k_g04.csv | param=0.15 | N_warn=0 N_actual=6 count_score=0.000
  [calibrate] meta_ecpf_gddm | recurring_sud_sea100k_g04.csv | param=0.2 | N_warn=0 N_actual=6 count_score=0.000
  [calibrate] meta_ecpf_gddm | recurring_sud_sea100k_g04.csv | param=0.3 | N_warn=0 N_actual=6 count_score=0.000
  [calibrate] meta_ecpf_gddm | recurring_sud_sea100k_g04.csv | param=0.5 | N_warn=0 N_actual=6 count_score=0.000
  recurring_sud_sea100k_g04.csv: best_param=0.01  count_score=0.000
  → calibrated ecpf_gddm_warning_alpha = 0.01
[meta_ecpf_gddm] Evaluating on 5 streams at ecpf_gddm_warning_alpha=0.01...
  [eval] meta_ecpf_gddm | recurring_sud_sea100k_g05.csv | param=0.01 | N_warn=0 N_actual=8 count_score=0.000 avg_delay=n/a CD%=0.0
  [eval] meta_ecpf_gddm | recurring_sud_sea100k_g06.csv | param=0.01 | N_warn=0 N_actual=8 count_score=0.000 avg_delay=n/a CD%=0.0
  [eval] meta_ecpf_gddm | recurring_sud_sea100k_g07.csv | param=0.01 | N_warn=0 N_actual=8 count_score=0.000 avg_delay=n/a CD%=0.0
  [eval] meta_ecpf_gddm | recurring_sud_sea100k_g08.csv | param=0.01 | N_warn=0 N_actual=6 count_score=0.000 avg_delay=n/a CD%=0.0
  [eval] meta_ecpf_gddm | recurring_sud_sea100k_g09.csv | param=0.01 | N_warn=0 N_actual=8 count_score=0.000 avg_delay=n/a CD%=0.0

[meta_ecpf_hier_parallel] Calibrating on 5 streams...
  [calibrate] meta_ecpf_hier_parallel | recurring_sud_sea100k_g00.csv | param=0.005 | N_warn=0 N_actual=10 count_score=0.000
  [calibrate] meta_ecpf_hier_parallel | recurring_sud_sea100k_g00.csv | param=0.01 | N_warn=0 N_actual=10 count_score=0.000
  [calibrate] meta_ecpf_hier_parallel | recurring_sud_sea100k_g00.csv | param=0.02 | N_warn=0 N_actual=10 count_score=0.000
  [calibrate] meta_ecpf_hier_parallel | recurring_sud_sea100k_g00.csv | param=0.03 | N_warn=0 N_actual=10 count_score=0.000
  [calibrate] meta_ecpf_hier_parallel | recurring_sud_sea100k_g00.csv | param=0.05 | N_warn=0 N_actual=10 count_score=0.000
  [calibrate] meta_ecpf_hier_parallel | recurring_sud_sea100k_g00.csv | param=0.07 | N_warn=0 N_actual=10 count_score=0.000
  [calibrate] meta_ecpf_hier_parallel | recurring_sud_sea100k_g00.csv | param=0.1 | N_warn=0 N_actual=10 count_score=0.000
  recurring_sud_sea100k_g00.csv: best_param=0.005  count_score=0.000
  [calibrate] meta_ecpf_hier_parallel | recurring_sud_sea100k_g01.csv | param=0.005 | N_warn=0 N_actual=8 count_score=0.000
  [calibrate] meta_ecpf_hier_parallel | recurring_sud_sea100k_g01.csv | param=0.01 | N_warn=0 N_actual=8 count_score=0.000
  [calibrate] meta_ecpf_hier_parallel | recurring_sud_sea100k_g01.csv | param=0.02 | N_warn=0 N_actual=8 count_score=0.000
  [calibrate] meta_ecpf_hier_parallel | recurring_sud_sea100k_g01.csv | param=0.03 | N_warn=0 N_actual=8 count_score=0.000
  [calibrate] meta_ecpf_hier_parallel | recurring_sud_sea100k_g01.csv | param=0.05 | N_warn=0 N_actual=8 count_score=0.000
  [calibrate] meta_ecpf_hier_parallel | recurring_sud_sea100k_g01.csv | param=0.07 | N_warn=0 N_actual=8 count_score=0.000
  [calibrate] meta_ecpf_hier_parallel | recurring_sud_sea100k_g01.csv | param=0.1 | N_warn=0 N_actual=8 count_score=0.000
  recurring_sud_sea100k_g01.csv: best_param=0.005  count_score=0.000
  [calibrate] meta_ecpf_hier_parallel | recurring_sud_sea100k_g02.csv | param=0.005 | N_warn=0 N_actual=8 count_score=0.000
  [calibrate] meta_ecpf_hier_parallel | recurring_sud_sea100k_g02.csv | param=0.01 | N_warn=0 N_actual=8 count_score=0.000
  [calibrate] meta_ecpf_hier_parallel | recurring_sud_sea100k_g02.csv | param=0.02 | N_warn=0 N_actual=8 count_score=0.000
  [calibrate] meta_ecpf_hier_parallel | recurring_sud_sea100k_g02.csv | param=0.03 | N_warn=0 N_actual=8 count_score=0.000
  [calibrate] meta_ecpf_hier_parallel | recurring_sud_sea100k_g02.csv | param=0.05 | N_warn=0 N_actual=8 count_score=0.000
  [calibrate] meta_ecpf_hier_parallel | recurring_sud_sea100k_g02.csv | param=0.07 | N_warn=0 N_actual=8 count_score=0.000
  [calibrate] meta_ecpf_hier_parallel | recurring_sud_sea100k_g02.csv | param=0.1 | N_warn=0 N_actual=8 count_score=0.000
  recurring_sud_sea100k_g02.csv: best_param=0.005  count_score=0.000
  [calibrate] meta_ecpf_hier_parallel | recurring_sud_sea100k_g03.csv | param=0.005 | N_warn=0 N_actual=12 count_score=0.000
  [calibrate] meta_ecpf_hier_parallel | recurring_sud_sea100k_g03.csv | param=0.01 | N_warn=0 N_actual=12 count_score=0.000
  [calibrate] meta_ecpf_hier_parallel | recurring_sud_sea100k_g03.csv | param=0.02 | N_warn=0 N_actual=12 count_score=0.000
  [calibrate] meta_ecpf_hier_parallel | recurring_sud_sea100k_g03.csv | param=0.03 | N_warn=0 N_actual=12 count_score=0.000
  [calibrate] meta_ecpf_hier_parallel | recurring_sud_sea100k_g03.csv | param=0.05 | N_warn=0 N_actual=12 count_score=0.000
  [calibrate] meta_ecpf_hier_parallel | recurring_sud_sea100k_g03.csv | param=0.07 | N_warn=0 N_actual=12 count_score=0.000
  [calibrate] meta_ecpf_hier_parallel | recurring_sud_sea100k_g03.csv | param=0.1 | N_warn=0 N_actual=12 count_score=0.000
  recurring_sud_sea100k_g03.csv: best_param=0.005  count_score=0.000
  [calibrate] meta_ecpf_hier_parallel | recurring_sud_sea100k_g04.csv | param=0.005 | N_warn=0 N_actual=6 count_score=0.000
  [calibrate] meta_ecpf_hier_parallel | recurring_sud_sea100k_g04.csv | param=0.01 | N_warn=0 N_actual=6 count_score=0.000
  [calibrate] meta_ecpf_hier_parallel | recurring_sud_sea100k_g04.csv | param=0.02 | N_warn=0 N_actual=6 count_score=0.000
  [calibrate] meta_ecpf_hier_parallel | recurring_sud_sea100k_g04.csv | param=0.03 | N_warn=0 N_actual=6 count_score=0.000
  [calibrate] meta_ecpf_hier_parallel | recurring_sud_sea100k_g04.csv | param=0.05 | N_warn=0 N_actual=6 count_score=0.000
  [calibrate] meta_ecpf_hier_parallel | recurring_sud_sea100k_g04.csv | param=0.07 | N_warn=0 N_actual=6 count_score=0.000
  [calibrate] meta_ecpf_hier_parallel | recurring_sud_sea100k_g04.csv | param=0.1 | N_warn=0 N_actual=6 count_score=0.000
  recurring_sud_sea100k_g04.csv: best_param=0.005  count_score=0.000
  → calibrated ecpf_hier_validation_gap_threshold = 0.005
[meta_ecpf_hier_parallel] Evaluating on 5 streams at ecpf_hier_validation_gap_threshold=0.005...
  [eval] meta_ecpf_hier_parallel | recurring_sud_sea100k_g05.csv | param=0.005 | N_warn=0 N_actual=8 count_score=0.000 avg_delay=n/a CD%=0.0
  [eval] meta_ecpf_hier_parallel | recurring_sud_sea100k_g06.csv | param=0.005 | N_warn=0 N_actual=8 count_score=0.000 avg_delay=n/a CD%=0.0
  [eval] meta_ecpf_hier_parallel | recurring_sud_sea100k_g07.csv | param=0.005 | N_warn=0 N_actual=8 count_score=0.000 avg_delay=n/a CD%=0.0
  [eval] meta_ecpf_hier_parallel | recurring_sud_sea100k_g08.csv | param=0.005 | N_warn=0 N_actual=6 count_score=0.000 avg_delay=n/a CD%=0.0
  [eval] meta_ecpf_hier_parallel | recurring_sud_sea100k_g09.csv | param=0.005 | N_warn=0 N_actual=8 count_score=0.000 avg_delay=n/a CD%=0.0

=== Calibration + Delay Evaluation ===
Calibration: g00–g04   Evaluation: g05–g09   tolerance=2000
detector                 param_attr                          calib_param  count_score  CD%   avg_delay
-----------------------  ----------------------------------  -----------  -----------  ----  ---------
dual_adwin               detector_delta                      0.001        0.433        40.0  290      
meta_ecpf_hcdt           ecpf_hcdt_detection_delta           0.005        0.583        42.5  150      
meta_ecpf_gddm           ecpf_gddm_warning_alpha             0.01         0.000        0.0   n/a      
meta_ecpf_hier_parallel  ecpf_hier_validation_gap_threshold  0.005        0.000        0.0   n/a      

Saved: /Users/iiris/Desktop/drift_detect/outputs/calibration_comparison/calibration_summary.csv
