C:\Users\chenp\anaconda3\lib\site-packages\pandas\core\computation\expressions.py:21: UserWarning: Pandas requires version '2.8.4' or newer of 'numexpr' (version '2.8.3' currently installed).
  from pandas.core.computation.check import NUMEXPR_INSTALLED
C:\Users\chenp\anaconda3\lib\site-packages\pandas\core\arrays\masked.py:61: UserWarning: Pandas requires version '1.3.6' or newer of 'bottleneck' (version '1.3.5' currently installed).
  from pandas.core import (
3 streams x 3 configs

reg_gradual_20k.csv  htr-nr/error  gt=[5750, 12750]  swaps=16  MAE=2.726  (6s)
   tp=2 fp=4 cd=0.0 | hit=2 echo_inwin=1 echo=1 orphan=3 | dropped=0
     2471..2503   orphan     norm 0.445->0.487 (rise)  raw 2.45->2.27  swap_gap=
     6023..6023   hit        norm 0.542->0.458 (fall)  raw 3.07->5.02  swap_gap=
     7559..7559   echo       norm 0.435->0.489 (rise)  raw 2.73->2.54  swap_gap=1474
    10759..11079  orphan     norm 0.458->0.491 (rise)  raw 1.63->2.32  swap_gap=4674
    12967..12967  hit        norm 0.537->0.478 (fall)  raw 3.15->6.60  swap_gap=6882
    14023..14087  echo_inwin norm 0.444->0.497 (rise)  raw 4.64->3.59  swap_gap=1000
    17927..18183  orphan     norm 0.460->0.496 (rise)  raw 2.41->2.34  swap_gap=3806

reg_gradual_20k.csv  htr-ref/error  gt=[5750, 12750]  swaps=2  MAE=2.861  (6s)
   tp=2 fp=0 cd=100.0 | hit=2 echo_inwin=0 echo=0 orphan=0 | dropped=0
     6151..6183   hit        norm 0.567->0.438 (fall)  raw 4.40->4.48  swap_gap=
    13863..13863  hit        norm 0.761->0.477 (fall)  raw 11.64->5.17  swap_gap=7650

reg_gradual_20k.csv  htr-ref500/error  gt=[5750, 12750]  swaps=2  MAE=2.525  (6s)
   tp=2 fp=0 cd=100.0 | hit=2 echo_inwin=0 echo=0 orphan=0 | dropped=0
     6151..6183   hit        norm 0.567->0.438 (fall)  raw 4.40->4.48  swap_gap=
    13018..13050  hit        norm 0.513->0.476 (fall)  raw 3.00->6.38  swap_gap=6805

reg_recurring_20k.csv  htr-nr/error  gt=[3333, 6666, 9999, 13332, 16665]  swaps=18  MAE=2.897  (5s)
   tp=5 fp=4 cd=20.0 | hit=5 echo_inwin=1 echo=3 orphan=1 | dropped=0
     1991..1991   orphan     norm 0.456->0.497 (rise)  raw 2.52->2.31  swap_gap=
     3431..3431   hit        norm 0.565->0.457 (fall)  raw 4.10->5.06  swap_gap=1407
     3943..3943   echo_inwin norm 0.455->0.490 (rise)  raw 4.88->3.46  swap_gap=468
     5735..5831   echo       norm 0.439->0.489 (rise)  raw 2.18->1.93  swap_gap=2260
     6695..6759   hit        norm 0.511->0.432 (fall)  raw 2.45->4.65  swap_gap=3220
     7911..8551   echo       norm 0.470->0.497 (rise)  raw 3.31->2.46  swap_gap=1121
    10055..10055  hit        norm 0.538->0.447 (fall)  raw 3.38->4.54  swap_gap=3265
    13415..13415  hit        norm 0.501->0.502 (flat)  raw 3.41->3.28  swap_gap=3330
    15207..15207  echo       norm 0.452->0.438 (flat)  raw 2.25->5.60  swap_gap=1752
    16711..16711  hit        norm 0.468->0.488 (rise)  raw 3.69->1.97  swap_gap=1474

reg_recurring_20k.csv  htr-ref/error  gt=[3333, 6666, 9999, 13332, 16665]  swaps=4  MAE=3.688  (5s)
   tp=4 fp=1 cd=60.0 | hit=4 echo_inwin=0 echo=0 orphan=1 | dropped=0
     3463..3463   hit        norm 0.555->0.458 (fall)  raw 4.49->5.02  swap_gap=
     6951..6983   hit        norm 0.633->0.455 (fall)  raw 7.86->5.33  swap_gap=3458
    11591..11591  orphan     norm 0.575->0.465 (fall)  raw 7.46->4.35  swap_gap=4578
    13607..13671  hit        norm 0.570->0.488 (fall)  raw 5.39->2.22  swap_gap=1986
    16743..16775  hit        norm 0.522->0.473 (fall)  raw 3.28->4.93  swap_gap=5122

reg_recurring_20k.csv  htr-ref500/error  gt=[3333, 6666, 9999, 13332, 16665]  swaps=3  MAE=2.778  (6s)
   tp=5 fp=0 cd=100.0 | hit=5 echo_inwin=0 echo=0 orphan=0 | dropped=0
     3463..3463   hit        norm 0.555->0.458 (fall)  raw 4.49->5.02  swap_gap=
     6810..6810   hit        norm 0.531->0.451 (fall)  raw 4.79->5.57  swap_gap=3317
    10093..10125  hit        norm 0.515->0.443 (fall)  raw 4.22->4.35  swap_gap=3253
    13408..13472  hit        norm 0.498->0.503 (flat)  raw 3.05->1.86  swap_gap=3253
    16723..16755  hit        norm 0.507->0.491 (flat)  raw 2.75->2.08  swap_gap=6568

reg_sudden_20k.csv  htr-nr/error  gt=[5000, 10000, 15000]  swaps=7  MAE=2.787  (5s)
   tp=2 fp=7 cd=0.0 | hit=2 echo_inwin=1 echo=1 orphan=6 | dropped=0
     1575..1639   orphan     norm 0.458->0.506 (rise)  raw 2.81->2.31  swap_gap=
     2791..2791   orphan     norm 0.457->0.507 (rise)  raw 1.65->1.73  swap_gap=1118
     5095..5095   hit        norm 0.542->0.437 (fall)  raw 2.89->5.25  swap_gap=3422
     8903..10087  orphan     norm 0.425->0.477 (rise)  raw 1.72->9.53  swap_gap=3778
    11015..11079  orphan     norm 0.446->0.461 (flat)  raw 6.90->5.67  swap_gap=890
    12103..12167  orphan     norm 0.442->0.502 (rise)  raw 3.79->3.26  swap_gap=993
    15015..15047  hit        norm 0.457->0.513 (rise)  raw 2.38->2.29  swap_gap=3905
    15527..16071  echo_inwin norm 0.527->0.526 (flat)  raw 2.66->2.03  swap_gap=4417
    16935..16935  echo       norm 0.516->0.495 (fall)  raw 2.30->1.90  swap_gap=5825
    18855..18983  orphan     norm 0.525->0.497 (fall)  raw 2.07->1.54  swap_gap=7745

reg_sudden_20k.csv  htr-ref/error  gt=[5000, 10000, 15000]  swaps=12  MAE=2.494  (6s)
   tp=3 fp=0 cd=100.0 | hit=3 echo_inwin=0 echo=0 orphan=0 | dropped=0
     5159..5159   hit        norm 0.527->0.479 (fall)  raw 3.61->4.81  swap_gap=
    10151..10151  hit        norm 0.548->0.451 (fall)  raw 4.97->5.59  swap_gap=4868
    15111..15111  hit        norm 0.517->0.459 (fall)  raw 3.85->2.47  swap_gap=4930

reg_sudden_20k.csv  htr-ref500/error  gt=[5000, 10000, 15000]  swaps=9  MAE=2.760  (6s)
   tp=3 fp=0 cd=100.0 | hit=3 echo_inwin=0 echo=0 orphan=0 | dropped=0
     5159..5159   hit        norm 0.527->0.479 (fall)  raw 3.61->4.81  swap_gap=
    10138..10138  hit        norm 0.537->0.457 (fall)  raw 4.66->5.56  swap_gap=4855
    15117..15117  hit        norm 0.542->0.450 (fall)  raw 4.53->4.59  swap_gap=4949

wrote outputs/regression_fp_ref_synth\detections.csv outputs/regression_fp_ref_synth\summary.csv outputs/regression_fp_ref_synth\segment_levels.csv
